// Jest Snapshot v1, https://goo.gl/fbAQLP

exports[`<FilesList /> renders correctly list of files 1`] = `
<ul
  className="files-list list-unstyled"
>
  <div
    className="files-list-item"
  >
    {
  "file": {
    "id": 1,
    "name": "File 1"
  }
}
  </div>
  <div
    className="files-list-item"
  >
    {
  "file": {
    "id": 2,
    "name": "File 2",
    "remove": "function remove"
  },
  "onRemove": "function onRemove"
}
  </div>
</ul>
`;

exports[`<FilesList /> renders nothing if no files 1`] = `null`;
