// Jest Snapshot v1, https://goo.gl/fbAQLP

exports[`<ModalDialog /> renders correctly CONFIRM_MODAL and CUSTOM_MODAL 1`] = `
Array [
  <div
    className="react-modal"
  >
    <div
      className="transition-group"
    >
      <div
        className="css-transition"
      >
        <div
          className="props"
        >
          {
    "appear": true,
    "timeout": 300,
    "classNames": "modal-show",
    "mountOnEnter": true,
    "unmountOnExit": true
}
        </div>
        <div
          className="modal-content"
        >
          <button
            className="close"
            data-id="1"
            onClick={[Function]}
            type="button"
          >
            ×
          </button>
          <div
            className="modal-header"
          >
            <h3
              className="modal-title"
            >
              first modal
            </h3>
          </div>
          <div>
            <div
              className="modal-body"
            >
              first modal body
            </div>
            <div
              className="modal-footer"
            >
              <button
                className="btn btn-primary btn-ok"
                data-id="1"
                onClick={[Function]}
                type="button"
              >
                Ok
              </button>
              <button
                className="btn btn-default btn-cancel"
                data-id="1"
                onClick={[Function]}
                type="button"
              >
                Cancel
              </button>
            </div>
          </div>
        </div>
      </div>
    </div>
    <div
      className="react-modal-props"
    >
      {
    "isOpen": true,
    "onRequestClose": "function onRequestClose",
    "style": {
        "overlay": {
            "backgroundColor": ""
        }
    },
    "className": "modal test-confirm-modal-class",
    "shouldCloseOnOverlayClick": true,
    "contentLabel": ""
}
    </div>
  </div>,
  <div
    className="react-modal"
  >
    <div
      className="transition-group"
    >
      <div
        className="css-transition"
      >
        <div
          className="props"
        >
          {
    "appear": true,
    "timeout": 300,
    "classNames": "modal-show",
    "mountOnEnter": true,
    "unmountOnExit": true
}
        </div>
        <div
          className="modal-content"
        >
          <button
            className="close"
            data-id="2"
            onClick={[Function]}
            type="button"
          >
            ×
          </button>
          <div
            className="modal-header"
          >
            <h3
              className="modal-title"
            >
              second modal
            </h3>
          </div>
          <div
            className="modal-custom-body"
          >
            second modal body
          </div>
        </div>
      </div>
    </div>
    <div
      className="react-modal-props"
    >
      {
    "isOpen": true,
    "onRequestClose": "function onRequestClose",
    "style": {
        "overlay": {
            "backgroundColor": "transparent",
            "pointerEvents": "none",
            "zIndex": 1080
        }
    },
    "className": "modal test-custom-modal-class",
    "shouldCloseOnOverlayClick": false,
    "contentLabel": ""
}
    </div>
  </div>,
]
`;
