// Jest Snapshot v1, https://goo.gl/fbAQLP

exports[`<NoteReadonlyMode /> renders correctly 1`] = `
<div
  className="note isLoading"
>
  <div>
    <i
      className="icon icon-left icon-pencil"
      onClick={[Function]}
      onKeyPress={[Function]}
      role="button"
      tabIndex="0"
    />
    <i
      className="icon icon-right icon-bin"
      onClick={[Function]}
      onKeyPress={[Function]}
      role="button"
      tabIndex="0"
    />
  </div>
  <div
    className="note-title"
  >
    Note test title
  </div>
  <div
    className="note-description"
    dangerouslySetInnerHTML={
      Object {
        "__html": "Note test description",
      }
    }
  />
  <div
    className="file-list"
  >
    {
  "files": [
    {
      "id": 12,
      "downloadPath": "/test/download/path",
      "filename": "file name"
    }
  ]
}
  </div>
</div>
`;
