// Jest Snapshot v1, https://goo.gl/fbAQLP

exports[`<FieldError /> renders correctly 1`] = `
<div
  className="header"
>
  <div
    className="header-content-wrapper"
  >
    <div
      className="header-content"
    >
      <i
        className="header-icon icon-arrow-up"
        onClick={[Function]}
        onKeyPress={[Function]}
        role="button"
        tabIndex="0"
      />
      <i
        className="header-icon icon-arrow-down"
        onClick={[Function]}
        onKeyPress={[Function]}
        role="button"
        tabIndex="0"
      />
      <div
        className="header-title"
      >
        Notes app
      </div>
      <div
        className="hide-from-tablet header-hamburger"
        onClick={[Function]}
        onKeyPress={[Function]}
        role="button"
        tabIndex="0"
      >
        <div
          className="header-hamburger-times"
        />
        <div
          className="header-hamburger-line"
        />
      </div>
    </div>
    <div
      className="react-collapse"
    >
      <div
        className="props"
      >
        {
    "className": "header-menu",
    "isOpened": false
}
      </div>
      <div
        className="children"
      >
        <div
          className="header-menu-content"
        >
          test content
        </div>
      </div>
    </div>
  </div>
</div>
`;
